MPLINK 5.09, LINKER
Linker Map File - Created Thu Apr 11 15:17:57 2024

                                 Section Info
                  Section       Type    Address   Location Size(Bytes)
                ---------  ---------  ---------  ---------  ---------
                 RES_VECT       code   0x000000    program   0x000002
                   .cinit    romdata   0x000001    program   0x000004
                MAIN_PROG       code   0x000003    program   0x0001e6
.config_2007_BUILD/DEFAULT/PRODUCTION/MAIN.O       code   0x002007    program   0x000002



                              Program Memory Usage 
                               Start         End      
                           ---------   ---------      
                            0x000000    0x0000f5      
                            0x002007    0x002007      
            247 out of 8454 program addresses used, program memory utilization is 2%



                              Symbols - Sorted by Name
                     Name    Address   Location    Storage File                     
                ---------  ---------  ---------  --------- ---------                
    CLOCK_LIGHT_FIRST_ROW   0x0000e2    program     static C:\Users\rober\Desktop\Programowanie uni\Systemy autonomiczne\Projekt_git\Projekt-statki\Projekt.X\main.asm
              CLOCK_PULSE   0x0000c6    program     static C:\Users\rober\Desktop\Programowanie uni\Systemy autonomiczne\Projekt_git\Projekt-statki\Projekt.X\main.asm
            CLOCK_TURN_ON   0x0000cc    program     static C:\Users\rober\Desktop\Programowanie uni\Systemy autonomiczne\Projekt_git\Projekt-statki\Projekt.X\main.asm
               LOAD_PULSE   0x0000c9    program     static C:\Users\rober\Desktop\Programowanie uni\Systemy autonomiczne\Projekt_git\Projekt-statki\Projekt.X\main.asm
                     MAIN   0x000047    program     static C:\Users\rober\Desktop\Programowanie uni\Systemy autonomiczne\Projekt_git\Projekt-statki\Projekt.X\main.asm
            PRZYJMIJ_RUCH   0x00005b    program     static C:\Users\rober\Desktop\Programowanie uni\Systemy autonomiczne\Projekt_git\Projekt-statki\Projekt.X\main.asm
     PRZYJMIJ_RUCH_WIERSZ   0x00006f    program     static C:\Users\rober\Desktop\Programowanie uni\Systemy autonomiczne\Projekt_git\Projekt-statki\Projekt.X\main.asm
                    START   0x000003    program     static C:\Users\rober\Desktop\Programowanie uni\Systemy autonomiczne\Projekt_git\Projekt-statki\Projekt.X\main.asm
              TURY_GRACZY   0x000055    program     static C:\Users\rober\Desktop\Programowanie uni\Systemy autonomiczne\Projekt_git\Projekt-statki\Projekt.X\main.asm
       ZAPISZ_RUCH_GRACZY   0x000085    program     static C:\Users\rober\Desktop\Programowanie uni\Systemy autonomiczne\Projekt_git\Projekt-statki\Projekt.X\main.asm
      ZAPIS_RUCHU_GRACZ_1   0x00008a    program     static C:\Users\rober\Desktop\Programowanie uni\Systemy autonomiczne\Projekt_git\Projekt-statki\Projekt.X\main.asm
      ZAPIS_RUCHU_GRACZ_2   0x0000a8    program     static C:\Users\rober\Desktop\Programowanie uni\Systemy autonomiczne\Projekt_git\Projekt-statki\Projekt.X\main.asm



                              Symbols - Sorted by Address
                     Name    Address   Location    Storage File                     
                ---------  ---------  ---------  --------- ---------                
                    START   0x000003    program     static C:\Users\rober\Desktop\Programowanie uni\Systemy autonomiczne\Projekt_git\Projekt-statki\Projekt.X\main.asm
                     MAIN   0x000047    program     static C:\Users\rober\Desktop\Programowanie uni\Systemy autonomiczne\Projekt_git\Projekt-statki\Projekt.X\main.asm
              TURY_GRACZY   0x000055    program     static C:\Users\rober\Desktop\Programowanie uni\Systemy autonomiczne\Projekt_git\Projekt-statki\Projekt.X\main.asm
            PRZYJMIJ_RUCH   0x00005b    program     static C:\Users\rober\Desktop\Programowanie uni\Systemy autonomiczne\Projekt_git\Projekt-statki\Projekt.X\main.asm
     PRZYJMIJ_RUCH_WIERSZ   0x00006f    program     static C:\Users\rober\Desktop\Programowanie uni\Systemy autonomiczne\Projekt_git\Projekt-statki\Projekt.X\main.asm
       ZAPISZ_RUCH_GRACZY   0x000085    program     static C:\Users\rober\Desktop\Programowanie uni\Systemy autonomiczne\Projekt_git\Projekt-statki\Projekt.X\main.asm
      ZAPIS_RUCHU_GRACZ_1   0x00008a    program     static C:\Users\rober\Desktop\Programowanie uni\Systemy autonomiczne\Projekt_git\Projekt-statki\Projekt.X\main.asm
      ZAPIS_RUCHU_GRACZ_2   0x0000a8    program     static C:\Users\rober\Desktop\Programowanie uni\Systemy autonomiczne\Projekt_git\Projekt-statki\Projekt.X\main.asm
              CLOCK_PULSE   0x0000c6    program     static C:\Users\rober\Desktop\Programowanie uni\Systemy autonomiczne\Projekt_git\Projekt-statki\Projekt.X\main.asm
               LOAD_PULSE   0x0000c9    program     static C:\Users\rober\Desktop\Programowanie uni\Systemy autonomiczne\Projekt_git\Projekt-statki\Projekt.X\main.asm
            CLOCK_TURN_ON   0x0000cc    program     static C:\Users\rober\Desktop\Programowanie uni\Systemy autonomiczne\Projekt_git\Projekt-statki\Projekt.X\main.asm
    CLOCK_LIGHT_FIRST_ROW   0x0000e2    program     static C:\Users\rober\Desktop\Programowanie uni\Systemy autonomiczne\Projekt_git\Projekt-statki\Projekt.X\main.asm


