MPLINK 5.09, LINKER
Linker Map File - Created Thu Apr 11 17:44:40 2024

                                 Section Info
                  Section       Type    Address   Location Size(Bytes)
                ---------  ---------  ---------  ---------  ---------
                 RES_VECT       code   0x000000    program   0x000002
                   .cinit    romdata   0x000001    program   0x000004
                MAIN_PROG       code   0x000003    program   0x000298
.config_2007_BUILD/DEFAULT/PRODUCTION/MAIN.O       code   0x002007    program   0x000002



                              Program Memory Usage 
                               Start         End      
                           ---------   ---------      
                            0x000000    0x00014e      
                            0x002007    0x002007      
            336 out of 8454 program addresses used, program memory utilization is 3%



                              Symbols - Sorted by Name
                     Name    Address   Location    Storage File                     
                ---------  ---------  ---------  --------- ---------                
              CLOCK_PULSE   0x0000c6    program     static C:\Users\rober\Desktop\Programowanie uni\Systemy autonomiczne\Projekt_git\Projekt-statki\Projekt.X\main.asm
            CLOCK_TURN_ON   0x0000cc    program     static C:\Users\rober\Desktop\Programowanie uni\Systemy autonomiczne\Projekt_git\Projekt-statki\Projekt.X\main.asm
      DISPLAY_ADRESS_LOOP   0x00013a    program     static C:\Users\rober\Desktop\Programowanie uni\Systemy autonomiczne\Projekt_git\Projekt-statki\Projekt.X\main.asm
DISPLAY_ON_MATRIX_ROW_DATA   0x000137    program     static C:\Users\rober\Desktop\Programowanie uni\Systemy autonomiczne\Projekt_git\Projekt-statki\Projekt.X\main.asm
     DISPLAY_PLAYER_BOARD   0x0000e2    program     static C:\Users\rober\Desktop\Programowanie uni\Systemy autonomiczne\Projekt_git\Projekt-statki\Projekt.X\main.asm
DISPLAY_PLAYER_BOARD_PLAYER_1   0x0000e5    program     static C:\Users\rober\Desktop\Programowanie uni\Systemy autonomiczne\Projekt_git\Projekt-statki\Projekt.X\main.asm
DISPLAY_PLAYER_BOARD_PLAYER_2   0x00010e    program     static C:\Users\rober\Desktop\Programowanie uni\Systemy autonomiczne\Projekt_git\Projekt-statki\Projekt.X\main.asm
       DISPLAY_VALUE_LOOP   0x000144    program     static C:\Users\rober\Desktop\Programowanie uni\Systemy autonomiczne\Projekt_git\Projekt-statki\Projekt.X\main.asm
               LOAD_PULSE   0x0000c9    program     static C:\Users\rober\Desktop\Programowanie uni\Systemy autonomiczne\Projekt_git\Projekt-statki\Projekt.X\main.asm
                     MAIN   0x000047    program     static C:\Users\rober\Desktop\Programowanie uni\Systemy autonomiczne\Projekt_git\Projekt-statki\Projekt.X\main.asm
            PRZYJMIJ_RUCH   0x00005d    program     static C:\Users\rober\Desktop\Programowanie uni\Systemy autonomiczne\Projekt_git\Projekt-statki\Projekt.X\main.asm
     PRZYJMIJ_RUCH_WIERSZ   0x000071    program     static C:\Users\rober\Desktop\Programowanie uni\Systemy autonomiczne\Projekt_git\Projekt-statki\Projekt.X\main.asm
                    START   0x000003    program     static C:\Users\rober\Desktop\Programowanie uni\Systemy autonomiczne\Projekt_git\Projekt-statki\Projekt.X\main.asm
              TURY_GRACZY   0x000054    program     static C:\Users\rober\Desktop\Programowanie uni\Systemy autonomiczne\Projekt_git\Projekt-statki\Projekt.X\main.asm
       ZAPISZ_RUCH_GRACZY   0x000087    program     static C:\Users\rober\Desktop\Programowanie uni\Systemy autonomiczne\Projekt_git\Projekt-statki\Projekt.X\main.asm
      ZAPIS_RUCHU_GRACZ_1   0x00008c    program     static C:\Users\rober\Desktop\Programowanie uni\Systemy autonomiczne\Projekt_git\Projekt-statki\Projekt.X\main.asm
      ZAPIS_RUCHU_GRACZ_2   0x0000a9    program     static C:\Users\rober\Desktop\Programowanie uni\Systemy autonomiczne\Projekt_git\Projekt-statki\Projekt.X\main.asm



                              Symbols - Sorted by Address
                     Name    Address   Location    Storage File                     
                ---------  ---------  ---------  --------- ---------                
                    START   0x000003    program     static C:\Users\rober\Desktop\Programowanie uni\Systemy autonomiczne\Projekt_git\Projekt-statki\Projekt.X\main.asm
                     MAIN   0x000047    program     static C:\Users\rober\Desktop\Programowanie uni\Systemy autonomiczne\Projekt_git\Projekt-statki\Projekt.X\main.asm
              TURY_GRACZY   0x000054    program     static C:\Users\rober\Desktop\Programowanie uni\Systemy autonomiczne\Projekt_git\Projekt-statki\Projekt.X\main.asm
            PRZYJMIJ_RUCH   0x00005d    program     static C:\Users\rober\Desktop\Programowanie uni\Systemy autonomiczne\Projekt_git\Projekt-statki\Projekt.X\main.asm
     PRZYJMIJ_RUCH_WIERSZ   0x000071    program     static C:\Users\rober\Desktop\Programowanie uni\Systemy autonomiczne\Projekt_git\Projekt-statki\Projekt.X\main.asm
       ZAPISZ_RUCH_GRACZY   0x000087    program     static C:\Users\rober\Desktop\Programowanie uni\Systemy autonomiczne\Projekt_git\Projekt-statki\Projekt.X\main.asm
      ZAPIS_RUCHU_GRACZ_1   0x00008c    program     static C:\Users\rober\Desktop\Programowanie uni\Systemy autonomiczne\Projekt_git\Projekt-statki\Projekt.X\main.asm
      ZAPIS_RUCHU_GRACZ_2   0x0000a9    program     static C:\Users\rober\Desktop\Programowanie uni\Systemy autonomiczne\Projekt_git\Projekt-statki\Projekt.X\main.asm
              CLOCK_PULSE   0x0000c6    program     static C:\Users\rober\Desktop\Programowanie uni\Systemy autonomiczne\Projekt_git\Projekt-statki\Projekt.X\main.asm
               LOAD_PULSE   0x0000c9    program     static C:\Users\rober\Desktop\Programowanie uni\Systemy autonomiczne\Projekt_git\Projekt-statki\Projekt.X\main.asm
            CLOCK_TURN_ON   0x0000cc    program     static C:\Users\rober\Desktop\Programowanie uni\Systemy autonomiczne\Projekt_git\Projekt-statki\Projekt.X\main.asm
     DISPLAY_PLAYER_BOARD   0x0000e2    program     static C:\Users\rober\Desktop\Programowanie uni\Systemy autonomiczne\Projekt_git\Projekt-statki\Projekt.X\main.asm
DISPLAY_PLAYER_BOARD_PLAYER_1   0x0000e5    program     static C:\Users\rober\Desktop\Programowanie uni\Systemy autonomiczne\Projekt_git\Projekt-statki\Projekt.X\main.asm
DISPLAY_PLAYER_BOARD_PLAYER_2   0x00010e    program     static C:\Users\rober\Desktop\Programowanie uni\Systemy autonomiczne\Projekt_git\Projekt-statki\Projekt.X\main.asm
DISPLAY_ON_MATRIX_ROW_DATA   0x000137    program     static C:\Users\rober\Desktop\Programowanie uni\Systemy autonomiczne\Projekt_git\Projekt-statki\Projekt.X\main.asm
      DISPLAY_ADRESS_LOOP   0x00013a    program     static C:\Users\rober\Desktop\Programowanie uni\Systemy autonomiczne\Projekt_git\Projekt-statki\Projekt.X\main.asm
       DISPLAY_VALUE_LOOP   0x000144    program     static C:\Users\rober\Desktop\Programowanie uni\Systemy autonomiczne\Projekt_git\Projekt-statki\Projekt.X\main.asm


