MPLINK 5.09, LINKER
Linker Map File - Created Mon Apr 22 02:28:09 2024

                                 Section Info
                  Section       Type    Address   Location Size(Bytes)
                ---------  ---------  ---------  ---------  ---------
                 RES_VECT       code   0x000000    program   0x000002
                   .cinit    romdata   0x000001    program   0x000004
                MAIN_PROG       code   0x000003    program   0x000452
.config_2007_BUILD/DEFAULT/PRODUCTION/MAIN.O       code   0x002007    program   0x000002



                              Program Memory Usage 
                               Start         End      
                           ---------   ---------      
                            0x000000    0x00022b      
                            0x002007    0x002007      
            557 out of 8454 program addresses used, program memory utilization is 6%



                              Symbols - Sorted by Name
                     Name    Address   Location    Storage File                     
                ---------  ---------  ---------  --------- ---------                
              CLOCK_PULSE   0x000196    program     static C:\Users\rober\Desktop\Programowanie uni\Systemy autonomiczne\Projekt_git\Projekt-statki\Projekt.X\main.asm
            CLOCK_TURN_ON   0x00019c    program     static C:\Users\rober\Desktop\Programowanie uni\Systemy autonomiczne\Projekt_git\Projekt-statki\Projekt.X\main.asm
                   CZEKAJ   0x00021f    program     static C:\Users\rober\Desktop\Programowanie uni\Systemy autonomiczne\Projekt_git\Projekt-statki\Projekt.X\main.asm
                  CZEKAJ1   0x000224    program     static C:\Users\rober\Desktop\Programowanie uni\Systemy autonomiczne\Projekt_git\Projekt-statki\Projekt.X\main.asm
                  CZEKAJ2   0x000229    program     static C:\Users\rober\Desktop\Programowanie uni\Systemy autonomiczne\Projekt_git\Projekt-statki\Projekt.X\main.asm
         CZY_TRAFIL_TEKST   0x0000c2    program     static C:\Users\rober\Desktop\Programowanie uni\Systemy autonomiczne\Projekt_git\Projekt-statki\Projekt.X\main.asm
      DISPLAY_ADRESS_LOOP   0x00020a    program     static C:\Users\rober\Desktop\Programowanie uni\Systemy autonomiczne\Projekt_git\Projekt-statki\Projekt.X\main.asm
DISPLAY_ON_MATRIX_ROW_DATA   0x000207    program     static C:\Users\rober\Desktop\Programowanie uni\Systemy autonomiczne\Projekt_git\Projekt-statki\Projekt.X\main.asm
     DISPLAY_PLAYER_BOARD   0x0001b2    program     static C:\Users\rober\Desktop\Programowanie uni\Systemy autonomiczne\Projekt_git\Projekt-statki\Projekt.X\main.asm
DISPLAY_PLAYER_BOARD_PLAYER_1   0x0001b5    program     static C:\Users\rober\Desktop\Programowanie uni\Systemy autonomiczne\Projekt_git\Projekt-statki\Projekt.X\main.asm
DISPLAY_PLAYER_BOARD_PLAYER_2   0x0001de    program     static C:\Users\rober\Desktop\Programowanie uni\Systemy autonomiczne\Projekt_git\Projekt-statki\Projekt.X\main.asm
       DISPLAY_VALUE_LOOP   0x000214    program     static C:\Users\rober\Desktop\Programowanie uni\Systemy autonomiczne\Projekt_git\Projekt-statki\Projekt.X\main.asm
               LOAD_PULSE   0x000199    program     static C:\Users\rober\Desktop\Programowanie uni\Systemy autonomiczne\Projekt_git\Projekt-statki\Projekt.X\main.asm
            PRZYJMIJ_RUCH   0x0000cc    program     static C:\Users\rober\Desktop\Programowanie uni\Systemy autonomiczne\Projekt_git\Projekt-statki\Projekt.X\main.asm
     PRZYJMIJ_RUCH_WIERSZ   0x0000e0    program     static C:\Users\rober\Desktop\Programowanie uni\Systemy autonomiczne\Projekt_git\Projekt-statki\Projekt.X\main.asm
SPRAWDZ_CZY_GRACZ_1_WYGRAL   0x00006a    program     static C:\Users\rober\Desktop\Programowanie uni\Systemy autonomiczne\Projekt_git\Projekt-statki\Projekt.X\main.asm
SPRAWDZ_CZY_GRACZ_2_WYGRAL   0x000098    program     static C:\Users\rober\Desktop\Programowanie uni\Systemy autonomiczne\Projekt_git\Projekt-statki\Projekt.X\main.asm
                    START   0x000003    program     static C:\Users\rober\Desktop\Programowanie uni\Systemy autonomiczne\Projekt_git\Projekt-statki\Projekt.X\main.asm
              TURY_GRACZY   0x000059    program     static C:\Users\rober\Desktop\Programowanie uni\Systemy autonomiczne\Projekt_git\Projekt-statki\Projekt.X\main.asm
     WYGRAL_GRACZ_1_TEKST   0x000066    program     static C:\Users\rober\Desktop\Programowanie uni\Systemy autonomiczne\Projekt_git\Projekt-statki\Projekt.X\main.asm
     WYGRAL_GRACZ_2_TEKST   0x000094    program     static C:\Users\rober\Desktop\Programowanie uni\Systemy autonomiczne\Projekt_git\Projekt-statki\Projekt.X\main.asm
       ZAPISZ_RUCH_GRACZY   0x0000f4    program     static C:\Users\rober\Desktop\Programowanie uni\Systemy autonomiczne\Projekt_git\Projekt-statki\Projekt.X\main.asm
      ZAPIS_RUCHU_GRACZ_1   0x0000f8    program     static C:\Users\rober\Desktop\Programowanie uni\Systemy autonomiczne\Projekt_git\Projekt-statki\Projekt.X\main.asm
      ZAPIS_RUCHU_GRACZ_2   0x000147    program     static C:\Users\rober\Desktop\Programowanie uni\Systemy autonomiczne\Projekt_git\Projekt-statki\Projekt.X\main.asm
          _MAIN_PROG_0065   0x000068    program     static C:\Users\rober\Desktop\Programowanie uni\Systemy autonomiczne\Projekt_git\Projekt-statki\Projekt.X\main.asm
          _MAIN_PROG_0093   0x000096    program     static C:\Users\rober\Desktop\Programowanie uni\Systemy autonomiczne\Projekt_git\Projekt-statki\Projekt.X\main.asm



                              Symbols - Sorted by Address
                     Name    Address   Location    Storage File                     
                ---------  ---------  ---------  --------- ---------                
                    START   0x000003    program     static C:\Users\rober\Desktop\Programowanie uni\Systemy autonomiczne\Projekt_git\Projekt-statki\Projekt.X\main.asm
              TURY_GRACZY   0x000059    program     static C:\Users\rober\Desktop\Programowanie uni\Systemy autonomiczne\Projekt_git\Projekt-statki\Projekt.X\main.asm
     WYGRAL_GRACZ_1_TEKST   0x000066    program     static C:\Users\rober\Desktop\Programowanie uni\Systemy autonomiczne\Projekt_git\Projekt-statki\Projekt.X\main.asm
          _MAIN_PROG_0065   0x000068    program     static C:\Users\rober\Desktop\Programowanie uni\Systemy autonomiczne\Projekt_git\Projekt-statki\Projekt.X\main.asm
SPRAWDZ_CZY_GRACZ_1_WYGRAL   0x00006a    program     static C:\Users\rober\Desktop\Programowanie uni\Systemy autonomiczne\Projekt_git\Projekt-statki\Projekt.X\main.asm
     WYGRAL_GRACZ_2_TEKST   0x000094    program     static C:\Users\rober\Desktop\Programowanie uni\Systemy autonomiczne\Projekt_git\Projekt-statki\Projekt.X\main.asm
          _MAIN_PROG_0093   0x000096    program     static C:\Users\rober\Desktop\Programowanie uni\Systemy autonomiczne\Projekt_git\Projekt-statki\Projekt.X\main.asm
SPRAWDZ_CZY_GRACZ_2_WYGRAL   0x000098    program     static C:\Users\rober\Desktop\Programowanie uni\Systemy autonomiczne\Projekt_git\Projekt-statki\Projekt.X\main.asm
         CZY_TRAFIL_TEKST   0x0000c2    program     static C:\Users\rober\Desktop\Programowanie uni\Systemy autonomiczne\Projekt_git\Projekt-statki\Projekt.X\main.asm
            PRZYJMIJ_RUCH   0x0000cc    program     static C:\Users\rober\Desktop\Programowanie uni\Systemy autonomiczne\Projekt_git\Projekt-statki\Projekt.X\main.asm
     PRZYJMIJ_RUCH_WIERSZ   0x0000e0    program     static C:\Users\rober\Desktop\Programowanie uni\Systemy autonomiczne\Projekt_git\Projekt-statki\Projekt.X\main.asm
       ZAPISZ_RUCH_GRACZY   0x0000f4    program     static C:\Users\rober\Desktop\Programowanie uni\Systemy autonomiczne\Projekt_git\Projekt-statki\Projekt.X\main.asm
      ZAPIS_RUCHU_GRACZ_1   0x0000f8    program     static C:\Users\rober\Desktop\Programowanie uni\Systemy autonomiczne\Projekt_git\Projekt-statki\Projekt.X\main.asm
      ZAPIS_RUCHU_GRACZ_2   0x000147    program     static C:\Users\rober\Desktop\Programowanie uni\Systemy autonomiczne\Projekt_git\Projekt-statki\Projekt.X\main.asm
              CLOCK_PULSE   0x000196    program     static C:\Users\rober\Desktop\Programowanie uni\Systemy autonomiczne\Projekt_git\Projekt-statki\Projekt.X\main.asm
               LOAD_PULSE   0x000199    program     static C:\Users\rober\Desktop\Programowanie uni\Systemy autonomiczne\Projekt_git\Projekt-statki\Projekt.X\main.asm
            CLOCK_TURN_ON   0x00019c    program     static C:\Users\rober\Desktop\Programowanie uni\Systemy autonomiczne\Projekt_git\Projekt-statki\Projekt.X\main.asm
     DISPLAY_PLAYER_BOARD   0x0001b2    program     static C:\Users\rober\Desktop\Programowanie uni\Systemy autonomiczne\Projekt_git\Projekt-statki\Projekt.X\main.asm
DISPLAY_PLAYER_BOARD_PLAYER_1   0x0001b5    program     static C:\Users\rober\Desktop\Programowanie uni\Systemy autonomiczne\Projekt_git\Projekt-statki\Projekt.X\main.asm
DISPLAY_PLAYER_BOARD_PLAYER_2   0x0001de    program     static C:\Users\rober\Desktop\Programowanie uni\Systemy autonomiczne\Projekt_git\Projekt-statki\Projekt.X\main.asm
DISPLAY_ON_MATRIX_ROW_DATA   0x000207    program     static C:\Users\rober\Desktop\Programowanie uni\Systemy autonomiczne\Projekt_git\Projekt-statki\Projekt.X\main.asm
      DISPLAY_ADRESS_LOOP   0x00020a    program     static C:\Users\rober\Desktop\Programowanie uni\Systemy autonomiczne\Projekt_git\Projekt-statki\Projekt.X\main.asm
       DISPLAY_VALUE_LOOP   0x000214    program     static C:\Users\rober\Desktop\Programowanie uni\Systemy autonomiczne\Projekt_git\Projekt-statki\Projekt.X\main.asm
                   CZEKAJ   0x00021f    program     static C:\Users\rober\Desktop\Programowanie uni\Systemy autonomiczne\Projekt_git\Projekt-statki\Projekt.X\main.asm
                  CZEKAJ1   0x000224    program     static C:\Users\rober\Desktop\Programowanie uni\Systemy autonomiczne\Projekt_git\Projekt-statki\Projekt.X\main.asm
                  CZEKAJ2   0x000229    program     static C:\Users\rober\Desktop\Programowanie uni\Systemy autonomiczne\Projekt_git\Projekt-statki\Projekt.X\main.asm


